// Jest Snapshot v1, https://goo.gl/fbAQLP

exports[`Form renders correctly 1`] = `
<DocumentFragment>
  .c0 {
  margin-bottom: 0.5rem;
}

.c1 {
  display: block;
  font-size: 0.75rem;
  margin: 0.25rem 0;
}

.c3 {
  border: thin solid;
  display: block;
  padding: 0.5em;
  background: #fff;
  width: 100%;
}

.c5 {
  display: block;
  width: 100%;
  outline: none;
  border: none;
  border-radius: 3px;
  padding: 0.75rem 2rem;
  cursor: pointer;
  font-weight: 600;
  color: #fff;
  -webkit-transition: background-color 200ms ease-in-out;
  transition: background-color 200ms ease-in-out;
}

.c5:disabled {
  background: #b4b6b8;
  cursor: not-allowed;
}

.c2 {
  border: thin solid;
  display: block;
  padding: 0.5em;
  background: #fff;
  width: 100%;
}

.c4 {
  border: thin solid;
  display: block;
  padding: 0.5em;
  background: #fff;
  width: 100%;
  min-height: 10rem;
}

<form
    data-netlify="true"
    data-netlify-honeypot="bot-field"
    method="post"
    name="contact"
  >
    <input
      name="form-name"
      type="hidden"
      value="contact"
    />
    <div
      class="c0"
    >
      <label
        class="c1"
      >
        Full Name
      </label>
      <input
        class="c2"
        name="name"
        placeholder="Jon Doe"
        type="text"
        value=""
      />
    </div>
    <div
      class="c0"
    >
      <label
        class="c1"
      >
        Email
      </label>
      <input
        class="c2"
        name="email"
        placeholder="jondoe@email.com"
        type="email"
        value=""
      />
    </div>
    <div
      class="c0"
    >
      <label
        class="c1"
      >
        Location
      </label>
      <input
        class="c2"
        name="location"
        placeholder="Los Angeles, California"
        type="text"
        value=""
      />
    </div>
    <div
      class="c0"
    >
      <label
        class="c1"
      >
        Phone Number
      </label>
      <input
        class="c2"
        name="phone"
        placeholder="+x xxx xxx xxxx"
        type="text"
        value=""
      />
    </div>
    <div
      class="c0"
    >
      <label
        class="c1"
      >
        Subject
      </label>
      <select
        class="c3"
        name="subject"
      >
        <option
          value="info"
        >
          General Info
        </option>
        <option
          value="workshop"
        >
          Workshop
        </option>
        <option
          value="personal-training"
        >
          Personal Training
        </option>
        <option
          value="nutrition"
        >
          Nutrition
        </option>
        <option
          value="disc"
        >
          DISC â€“ Personality Test
        </option>
      </select>
    </div>
    <div
      class="c0"
    >
      <label
        class="c1"
      >
        Additional Information
      </label>
      <textarea
        class="c4"
        name="message"
        placeholder="Message"
      />
    </div>
    <button
      class="c5"
      type="submit"
    >
      Submit Request
    </button>
  </form>
</DocumentFragment>
`;
