// Jest Snapshot v1, https://goo.gl/fbAQLP

exports[`Icon/arrow-down renders correctly 1`] = `
<DocumentFragment>
  .c0 {
  display: block;
  width: 1rem;
  height: 1rem;
}

<svg
    class="c0"
    viewBox="0 0 32 32"
  >
    <path
      d="M16 31l15-15h-9v-16h-12v16h-9z"
    />
  </svg>
</DocumentFragment>
`;
